✔ the exact freight baseline maps all 63 requirements, 46 tasks and 93 task acceptance criteria (4.9465ms)
✔ removing a requirement is an orphan, not a smaller baseline (3.3631ms)
✔ removing a task is an orphan, not completion (0.9249ms)
✔ every requirement acceptance criterion is independently mapped (2.523ms)
✔ every task acceptance criterion is independently mapped (1.7043ms)
✔ a criterion cannot conceal missing coverage behind an empty scenario list (1.8734ms)
✔ unknown scenario references fail (1.8031ms)
✔ a scenario must point back to its exact task criterion (2.2379ms)
✔ unknown requirements in scenarios fail (2.2422ms)
✔ unknown requirement acceptance indices fail (1.7453ms)
✔ one-way links cannot masquerade as traceability (2.2993ms)
✔ duplicate task/scenario identity cannot inflate coverage (2.2852ms)
✔ rewriting criterion text and recomputing its digest cannot amend the pinned baseline (1.0192ms)
✔ unstarted production tasks cannot claim reviewed or verified implementation (3.853ms)
✔ design candidates do not prove implemented production requirements (1.4246ms)
✔ M01 design delivery cannot self-attest acceptance (1.1638ms)
✔ a SHA and a passed string alone cannot manufacture assessed evidence (1.0424ms)
✔ a planned scenario cannot claim passing execution (1.6953ms)
✔ example executions cannot be relabelled as real PostgreSQL isolation proof (2.1299ms)
✔ planned device and restore scenarios cannot acquire a fake example command (2.0006ms)
✔ unknown test layers fail rather than silently weakening release assurance (1.2997ms)
✔ future isolation cannot drop its actual runtime database role layer (2.0178ms)
✔ future device assurance cannot be reduced to API mocks (1.6731ms)
✔ a restore drill cannot be replaced with an image-start smoke test (2.1661ms)
✔ empty scenario expectations are rejected (1.5011ms)
✔ automatic verification cannot be switched on by editing a status field (0.8275ms)
✔ scenario-level fabricated evidence is rejected (1.1904ms)
✔ example commands and paths must use the declared harness (2.1729ms)
✔ every executable .NET harness case must retain a traceability mapping (5.1308ms)
ℹ tests 29
ℹ suites 0
ℹ pass 29
ℹ fail 0
ℹ cancelled 0
ℹ skipped 0
ℹ todo 0
ℹ duration_ms 169.5914
