TAP version 13
# Subtest: unpaired requests cannot read installer state
ok 1 - unpaired requests cannot read installer state
  ---
  duration_ms: 93.2731
  type: 'test'
  ...
# Subtest: unknown operator code cannot pair
ok 2 - unknown operator code cannot pair
  ---
  duration_ms: 30.6003
  type: 'test'
  ...
# Subtest: malformed and multibyte operator codes fail authentication without a server exception
ok 3 - malformed and multibyte operator codes fail authentication without a server exception
  ---
  duration_ms: 44.2074
  type: 'test'
  ...
# Subtest: paired access has a server-enforced expiry after restart
ok 4 - paired access has a server-enforced expiry after restart
  ---
  duration_ms: 64.6024
  type: 'test'
  ...
# Subtest: pairing sets a strict HttpOnly session and consumes one-use code
ok 5 - pairing sets a strict HttpOnly session and consumes one-use code
  ---
  duration_ms: 43.0978
  type: 'test'
  ...
# Subtest: Host and cross-origin mutations are rejected
ok 6 - Host and cross-origin mutations are rejected
  ---
  duration_ms: 21.0941
  type: 'test'
  ...
# Subtest: paired mutations require the current CSRF token
ok 7 - paired mutations require the current CSRF token
  ---
  duration_ms: 38.8782
  type: 'test'
  ...
# Subtest: settings validate integer nonprivileged ports and reject unknown fields
ok 8 - settings validate integer nonprivileged ports and reject unknown fields
  ---
  duration_ms: 98.3629
  type: 'test'
  ...
# Subtest: configure durably stores typed settings and distinct secret files without disclosing secrets
ok 9 - configure durably stores typed settings and distinct secret files without disclosing secrets
  ---
  duration_ms: 128.1128
  type: 'test'
  ...
# Subtest: deployment requires configuration and never accepts commands or releases
ok 10 - deployment requires configuration and never accepts commands or releases
  ---
  duration_ms: 115.9323
  type: 'test'
  ...
# Subtest: concurrent deployments serialize and success reflects the runner outcome
ok 11 - concurrent deployments serialize and success reflects the runner outcome
  ---
  duration_ms: 203.5453
  type: 'test'
  ...
# Subtest: deployment failure is actionable without exposing engine output or secrets
ok 12 - deployment failure is actionable without exposing engine output or secrets
  ---
  duration_ms: 152.9891
  type: 'test'
  ...
# Subtest: actual service degradation and recovery update current control readiness
ok 13 - actual service degradation and recovery update current control readiness
  ---
  duration_ms: 253.8147
  type: 'test'
  ...
# Subtest: control state survives restart independently of application database
ok 14 - control state survives restart independently of application database
  ---
  duration_ms: 97.2313
  type: 'test'
  ...
# Subtest: interrupted deployment is durably failed and can be retried instead of reporting ready
ok 15 - interrupted deployment is durably failed and can be retried instead of reporting ready
  ---
  duration_ms: 92.6448
  type: 'test'
  ...
1..15
# tests 15
# suites 0
# pass 15
# fail 0
# cancelled 0
# skipped 0
# todo 0
# duration_ms 1732.3206
